
Memory Configuration

Name             Origin             Length             Attributes
ram              0x80000000         0x00500000         xrw
*default*        0x00000000         0xffffffff

Linker script and memory map

                0x00000000                __DYNAMIC=0x0
                0x00400000                PROVIDE (__stack, 0x400000)
                0x00000000                PROVIDE (hardware_init_hook, 0x0)
                0x00000000                PROVIDE (_hardware_init_hook, 0x0)
                0x00000000                PROVIDE (software_init_hook, 0x0)
                0x00000000                PROVIDE (_software_init_hook, 0x0)

.text           0x80000000     0x96b0
 *(.text)
 .text          0x80000000      0x65e S2_Extron_Switching_IO_Revised.o
                0x800005f4                S2_Extron_Switching_IO_Revised_main
                0x80000536                S2_Extron_Switching_IO_Revised_EventHandler
                0x80000000                S2_Extron_Switching_IO_RevisedEventHandler00000
                0x800002a6                S2_Extron_Switching_IO_RevisedEventHandler00001
 *fill*         0x8000065e        0x2
 .text          0x80000660      0x3cc S2_Processor_Selector.o
                0x80000912                S2_Processor_Selector_main
                0x80000958                S2_Processor_SelectorEventHandler00001
                0x80000660                S2_Processor_SelectorEventHandler00000
                0x80000848                S2_Processor_Selector_EventHandler
 .text          0x80000a2c      0x418 S2_Panasonic_Viera_Controller.o
                0x80000dbc                S2_Panasonic_Viera_ControllerEventHandler00001
                0x80000c6a                S2_Panasonic_Viera_Controller_main
                0x80000b68                S2_Panasonic_Viera_Controller_EventHandler
                0x80000d1e                S2_Panasonic_Viera_ControllerEventHandler00000
                0x80000a2c                S2_Panasonic_Viera_ControllerEventHandler00002
 .text          0x80000e44      0x8d4 S2_Extron_Gain_Volume.o
                0x80001652                S2_Extron_Gain_Volume_main
                0x80001698                S2_Extron_Gain_VolumeEventHandler00000
                0x800016e0                S2_Extron_Gain_VolumeEventHandler00003
                0x80000e44                S2_Extron_Gain_VolumeEventHandler00001
                0x80001550                S2_Extron_Gain_Volume_EventHandler
                0x800011ca                S2_Extron_Gain_VolumeEventHandler00002
 .text          0x80001718      0x64c S2_Extron_Mute.o
                0x80001c82                S2_Extron_Mute_main
                0x80001ba6                S2_Extron_Mute_EventHandler
                0x80001718                S2_Extron_MuteEventHandler00001
                0x80001d12                S2_Extron_MuteEventHandler00002
                0x80001cc8                S2_Extron_MuteEventHandler00000
 .text          0x80001d64      0x41c S2_Panasonic_Viera_Volume.o
                0x80002124                S2_Panasonic_Viera_Volume_main
                0x80002084                S2_Panasonic_Viera_Volume_EventHandler
                0x80001d64                S2_Panasonic_Viera_VolumeEventHandler00000
 .text          0x80002180     0x5836 library.o
                0x8000636c                RotateRightLong
                0x8000697a                IsSystem
                0x800062d0                Seed
                0x80003bc8                Remove
                0x80005f4c                Ltoa
                0x80005c78                Atoi
                0x80004fe0                InitRampInfoArray
                0x80006726                Right
                0x80007756                LockInputSema
                0x800061fa                Mod
                0x800063e2                Getc
                0x8000612e                SMuldiv
                0x8000695c                IsHidden
                0x80006012                Min
                0x8000756a                hextosi
                0x80006b00                WriteIntegerArray
                0x80007076                GetSignedIntArrayElementPtr
                0x8000599a                CheckStructArray
                0x8000757e                hextosl
                0x80006c86                WriteSignedIntegerArray
                0x80005662                InitStringParamArray
                0x80004934                ReadSignedLongIntegerArray
                0x80003856                GatherToDelimiter
                0x80005486                InitStringArray
                0x80005fec                Max
                0x800069b6                IsReadOnly
                0x800060f6                SMax
                0x800039fa                GatherByLength
                0x80005e86                Chr
                0x80006ad8                ReadSignedLongInteger
                0x80005f04                Itohex
                0x8000590c                GetStructArrayElement
                0x80005c00                UNS_SetByte
                0x800066fa                ReverseFindi
                0x80004ddc                ReadStringArray
                0x80006e86                GetIntArrayElementPtr
                0x80006536                Lower
                0x800062ec                RotateLeft
                0x8000769e                ResizeIfAutogrow
                0x8000510c                CheckInputArray
                0x800026ee                ResizeStringArray
                0x80005e18                Atosl
                0x80005c40                High
                0x8000629c                Rnd
                0x800061be                UMod
                0x80006342                RotateLeftLong
                0x800077ca                FindNumericChar
                0x800072ce                CheckIOArrayBounds2
                0x80006914                MakeProgramFilename
                0x80006112                SMin
                0x8000646a                Left
                0x800063ac                CheckBufferThreshold
                0x80006a90                ReadSignedInteger
                0x80005c6a                LowWord
                0x80002180                Bit
                0x80006a40                ReadLongInteger
                0x80005a7e                Byte
                0x80006f7e                GetLongArrayElementPtr
                0x800066cc                ReverseFind
                0x8000692a                GetSeries
                0x80007896                InitTcpServer
                0x8000651e                Len
                0x8000739e                InitializeRampInfoInternal
                0x80006038                Divide
                0x80005d84                Atol
                0x80006920                GetModelNumber
                0x80007266                CheckIOArrayBounds
                0x80005166                CheckStringInputArray
                0x80006d48                WriteSignedLongIntegerArray
                0x80005856                GetStringArrayElement
                0x80005f90                Ltohex
                0x80005ebc                Itoa
                0x80006316                RotateRight
                0x80003eb6                InternalReverseFind
                0x80006a20                WriteLongInteger
                0x8000538a                InitDynamicStringStruct
                0x8000527c                SetStringArray
                0x80004712                ReadSignedIntegerArray
                0x800051c0                SetOutputArray
                0x800069d0                WriteInteger
                0x800057ea                InitStructDynamicArray
                0x80004140                SetString
                0x80006236                Random
                0x80006a68                WriteSignedInteger
                0x800023e4                Find
                0x80006934                GetProgramNumber
                0x8000660a                Mid
                0x80007808                InitTcpClient
                0x800032d2                ResizeStructArray
                0x8000716e                GetSignedLongArrayElementPtr
                0x80007590                hextol
                0x80004b56                ReadString
                0x8000551c                InitDynamicStringArray
                0x80007676                UpperChar
                0x80005d14                Atosi
                0x800069f8                ReadInteger
                0x800060aa                Muldiv
                0x8000522e                SetStringOutputArray
                0x80006e0c                WriteString
                0x80002d46                ResizeIntegerArray
                0x800050d4                InitInOutArray
                0x8000572a                InitNvramStringArray
                0x80005fd4                Abs
                0x8000617a                SDivide
                0x800042d0                ReadIntegerArray
                0x80002290                CompareStrings
                0x8000764e                LowerChar
                0x80007926                InitUdpSocket
                0x80006394                ClearBuffer
                0x800067e2                Upper
                0x800057c6                InitStructArray
                0x800068b8                MakeLower
                0x80006998                IsVolume
                0x80003d22                RemoveByLength
                0x80005a16                CheckStringOutputArrayIndex
                0x80006bc2                WriteLongIntegerArray
                0x8000744a                InitRampInfoStructArray
                0x80005c5c                HighWord
                0x80002558                ResizeString
                0x8000693e                IsDirectory
                0x800044f0                ReadLongIntegerArray
                0x80005c4e                Low
                0x800036fc                Gather
                0x800068e6                MakeUpper
                0x8000534c                InitStringStruct
                0x80007336                CheckStringArrayBounds
                0x8000607c                CheckDenominator
                0x80007552                hextoi
                0x80004c74                WriteStringArray
                0x80005b3e                SetByte
                0x800073f4                InitializeRampInfo
                0x80007790                UnLockInputSema
                0x80006ab8                WriteSignedLongInteger
                0x8000543e                InitNvramStringStruct
 *fill*         0x800079b6        0xa
                0x800079c0                .=ALIGN(0x10)
 *(.eh_frame)
                0x800079c0                .=ALIGN(0x10)
 *(.gnu.linkonce.t.*)
                0x800079c0                .=ALIGN(0x4)
                0x800079c0                __CTOR_LIST__=.
                0x800079c0                ___CTOR_LIST__=.
                0x800079c0        0x4 LONG 0x0 (((__CTOR_END__-__CTOR_LIST__)/0x4)-0x2)
 *(.ctors)
                0x800079c4        0x4 LONG 0x0
                0x800079c8                __CTOR_END__=.
                0x800079c8                __DTOR_LIST__=.
                0x800079c8                ___DTOR_LIST__=.
                0x800079c8        0x4 LONG 0x0 (((__DTOR_END__-__DTOR_LIST__)/0x4)-0x2)
 *(.dtors)
                0x800079cc        0x4 LONG 0x0
                0x800079d0                __DTOR_END__=.
 *(.rodata)
 .rodata        0x800079d0      0x2ab S2_Extron_Switching_IO_Revised.o
 .rodata        0x80007c7b      0x22f S2_Processor_Selector.o
 .rodata        0x80007eaa      0x275 S2_Panasonic_Viera_Controller.o
 .rodata        0x8000811f      0x2d8 S2_Extron_Gain_Volume.o
 .rodata        0x800083f7      0x2f2 S2_Extron_Mute.o
 .rodata        0x800086e9      0x35a S2_Panasonic_Viera_Volume.o
 .rodata        0x80008a43      0xc54 library.o
 *(.gcc_except_table)
 *fill*         0x80009697        0x1
                0x80009698                .=ALIGN(0x2)
                0x80009698                __INIT_SECTION__=.
                0x80009698        0x4 LONG 0x4e560000
 *(.init)
                0x8000969c        0x2 SHORT 0x4e5e
                0x8000969e        0x2 SHORT 0x4e75
                0x800096a0                __FINI_SECTION__=.
                0x800096a0        0x4 LONG 0x4e560000
 *(.fini)
                0x800096a4        0x2 SHORT 0x4e5e
                0x800096a6        0x2 SHORT 0x4e75
 *(.lit)
 *fill*         0x800096a8        0x8
                0x800096b0                .=ALIGN(0x10)
                0x800096b0                _etext=.
                0x800096b0                etext=.

.data           0x800096b0        0x0
                0x800096b0                copy_start=.
 *(.shdata)
 *(.data)
 *(.gnu.linkonce.d.*)
                0x800096b0                .=ALIGN(0x10)
                0x800096b0                _edata=.
                0x800096b0                copy_end=.

.got
 *(.got.plt)
 *(.got)

EntryList       0x800096b0      0x660
 *(EntryList)
 EntryList      0x800096b0      0x110 S2_Extron_Switching_IO_Revised.o
                0x800096b0                S2_Extron_Switching_IO_Revised_Entry
 EntryList      0x800097c0      0x110 S2_Processor_Selector.o
                0x800097c0                S2_Processor_Selector_Entry
 EntryList      0x800098d0      0x110 S2_Panasonic_Viera_Controller.o
                0x800098d0                S2_Panasonic_Viera_Controller_Entry
 EntryList      0x800099e0      0x110 S2_Extron_Gain_Volume.o
                0x800099e0                S2_Extron_Gain_Volume_Entry
 EntryList      0x80009af0      0x110 S2_Extron_Mute.o
                0x80009af0                S2_Extron_Mute_Entry
 EntryList      0x80009c00      0x110 S2_Panasonic_Viera_Volume.o
                0x80009c00                S2_Panasonic_Viera_Volume_Entry
                0x80009d10                .=ALIGN(0x4)

FunctionList    0x80009d10        0x4
 *(FunctionList)
 FunctionList   0x80009d10        0x4 globals.o
                0x80009d10                g_pFunctions
                0x80009d14                .=ALIGN(0x4)

.bss            0x80009d14        0x0
                0x80009d14                .=ALIGN(0x4)
                0x80009d14                __bss_start=.
 *(.shbss)
 *(.bss)
 *(COMMON)
                0x80009d18                _end=ALIGN(0x8)
                0x80009d18                __end=_end

.stab
 *(.stab)

.stabstr
 *(.stabstr)

.debug
 *(.debug)

.line
 *(.line)

.debug_srcinfo
 *(.debug_srcinfo)

.debug_sfnames
 *(.debug_sfnames)

.debug_aranges
 *(.debug_aranges)

.debug_pubnames
 *(.debug_pubnames)

.debug_info
 *(.debug_info)

.debug_abbrev
 *(.debug_abbrev)

.debug_line
 *(.debug_line)

.debug_frame
 *(.debug_frame)

.debug_str
 *(.debug_str)

.debug_loc
 *(.debug_loc)

.debug_macinfo
 *(.debug_macinfo)

.debug_weaknames
 *(.debug_weaknames)

.debug_funcnames
 *(.debug_funcnames)

.debug_typenames
 *(.debug_typenames)

.debug_varnames
 *(.debug_varnames)
LOAD S2_Extron_Switching_IO_Revised.o
LOAD S2_Processor_Selector.o
LOAD S2_Panasonic_Viera_Controller.o
LOAD S2_Extron_Gain_Volume.o
LOAD S2_Extron_Mute.o
LOAD S2_Panasonic_Viera_Volume.o
LOAD globals.o
LOAD library.o
OUTPUT(_S2_GameSystemSIMPLProject.spl elf32-m68k)

.comment        0x80009d14      0x130
 .comment       0x80009d14       0x26 S2_Extron_Switching_IO_Revised.o
 .comment       0x80009d3a       0x26 S2_Processor_Selector.o
 .comment       0x80009d60       0x26 S2_Panasonic_Viera_Controller.o
 .comment       0x80009d86       0x26 S2_Extron_Gain_Volume.o
 .comment       0x80009dac       0x26 S2_Extron_Mute.o
 .comment       0x80009dd2       0x26 S2_Panasonic_Viera_Volume.o
 .comment       0x80009df8       0x26 globals.o
 .comment       0x80009e1e       0x26 library.o
