
Memory Configuration

Name             Origin             Length             Attributes
ram              0x80000000         0x00500000         xrw
*default*        0x00000000         0xffffffff

Linker script and memory map

                0x00000000                __DYNAMIC=0x0
                0x00400000                PROVIDE (__stack, 0x400000)
                0x00000000                PROVIDE (hardware_init_hook, 0x0)
                0x00000000                PROVIDE (_hardware_init_hook, 0x0)
                0x00000000                PROVIDE (software_init_hook, 0x0)
                0x00000000                PROVIDE (_software_init_hook, 0x0)

.text           0x80000000     0x90a0
 *(.text)
 .text          0x80000000      0x1c4 S2_Extron_Switching_Input.o
                0x800000c2                S2_Extron_Switching_Input_main
                0x80000122                S2_Extron_Switching_InputEventHandler00000
                0x80000000                S2_Extron_Switching_Input_EventHandler
 .text          0x800001c4      0x8d0 S2_Extron_Switching_IO.o
                0x80000868                S2_Extron_Switching_IOEventHandler00002
                0x800006d0                S2_Extron_Switching_IO_EventHandler
                0x8000044a                S2_Extron_Switching_IOEventHandler00001
                0x800007de                S2_Extron_Switching_IO_main
                0x800001c4                S2_Extron_Switching_IOEventHandler00000
                0x80000960                S2_Extron_Switching_IOEventHandler00003
 .text          0x80000a94      0x8d4 S2_Extron_Gain_Volume.o
                0x800012a2                S2_Extron_Gain_Volume_main
                0x800012e8                S2_Extron_Gain_VolumeEventHandler00000
                0x80001330                S2_Extron_Gain_VolumeEventHandler00003
                0x80000a94                S2_Extron_Gain_VolumeEventHandler00001
                0x800011a0                S2_Extron_Gain_Volume_EventHandler
                0x80000e1a                S2_Extron_Gain_VolumeEventHandler00002
 .text          0x80001368      0x64c S2_Extron_Mute.o
                0x800018d2                S2_Extron_Mute_main
                0x800017f6                S2_Extron_Mute_EventHandler
                0x80001368                S2_Extron_MuteEventHandler00001
                0x80001962                S2_Extron_MuteEventHandler00002
                0x80001918                S2_Extron_MuteEventHandler00000
 .text          0x800019b4      0x41c S2_Panasonic_Viera_Volume.o
                0x80001d74                S2_Panasonic_Viera_Volume_main
                0x80001cd4                S2_Panasonic_Viera_Volume_EventHandler
                0x800019b4                S2_Panasonic_Viera_VolumeEventHandler00000
 .text          0x80001dd0     0x5836 library.o
                0x80005fbc                RotateRightLong
                0x800065ca                IsSystem
                0x80005f20                Seed
                0x80003818                Remove
                0x80005b9c                Ltoa
                0x800058c8                Atoi
                0x80004c30                InitRampInfoArray
                0x80006376                Right
                0x800073a6                LockInputSema
                0x80005e4a                Mod
                0x80006032                Getc
                0x80005d7e                SMuldiv
                0x800065ac                IsHidden
                0x80005c62                Min
                0x800071ba                hextosi
                0x80006750                WriteIntegerArray
                0x80006cc6                GetSignedIntArrayElementPtr
                0x800055ea                CheckStructArray
                0x800071ce                hextosl
                0x800068d6                WriteSignedIntegerArray
                0x800052b2                InitStringParamArray
                0x80004584                ReadSignedLongIntegerArray
                0x800034a6                GatherToDelimiter
                0x800050d6                InitStringArray
                0x80005c3c                Max
                0x80006606                IsReadOnly
                0x80005d46                SMax
                0x8000364a                GatherByLength
                0x80005ad6                Chr
                0x80006728                ReadSignedLongInteger
                0x80005b54                Itohex
                0x8000555c                GetStructArrayElement
                0x80005850                UNS_SetByte
                0x8000634a                ReverseFindi
                0x80004a2c                ReadStringArray
                0x80006ad6                GetIntArrayElementPtr
                0x80006186                Lower
                0x80005f3c                RotateLeft
                0x800072ee                ResizeIfAutogrow
                0x80004d5c                CheckInputArray
                0x8000233e                ResizeStringArray
                0x80005a68                Atosl
                0x80005890                High
                0x80005eec                Rnd
                0x80005e0e                UMod
                0x80005f92                RotateLeftLong
                0x8000741a                FindNumericChar
                0x80006f1e                CheckIOArrayBounds2
                0x80006564                MakeProgramFilename
                0x80005d62                SMin
                0x800060ba                Left
                0x80005ffc                CheckBufferThreshold
                0x800066e0                ReadSignedInteger
                0x800058ba                LowWord
                0x80001dd0                Bit
                0x80006690                ReadLongInteger
                0x800056ce                Byte
                0x80006bce                GetLongArrayElementPtr
                0x8000631c                ReverseFind
                0x8000657a                GetSeries
                0x800074e6                InitTcpServer
                0x8000616e                Len
                0x80006fee                InitializeRampInfoInternal
                0x80005c88                Divide
                0x800059d4                Atol
                0x80006570                GetModelNumber
                0x80006eb6                CheckIOArrayBounds
                0x80004db6                CheckStringInputArray
                0x80006998                WriteSignedLongIntegerArray
                0x800054a6                GetStringArrayElement
                0x80005be0                Ltohex
                0x80005b0c                Itoa
                0x80005f66                RotateRight
                0x80003b06                InternalReverseFind
                0x80006670                WriteLongInteger
                0x80004fda                InitDynamicStringStruct
                0x80004ecc                SetStringArray
                0x80004362                ReadSignedIntegerArray
                0x80004e10                SetOutputArray
                0x80006620                WriteInteger
                0x8000543a                InitStructDynamicArray
                0x80003d90                SetString
                0x80005e86                Random
                0x800066b8                WriteSignedInteger
                0x80002034                Find
                0x80006584                GetProgramNumber
                0x8000625a                Mid
                0x80007458                InitTcpClient
                0x80002f22                ResizeStructArray
                0x80006dbe                GetSignedLongArrayElementPtr
                0x800071e0                hextol
                0x800047a6                ReadString
                0x8000516c                InitDynamicStringArray
                0x800072c6                UpperChar
                0x80005964                Atosi
                0x80006648                ReadInteger
                0x80005cfa                Muldiv
                0x80004e7e                SetStringOutputArray
                0x80006a5c                WriteString
                0x80002996                ResizeIntegerArray
                0x80004d24                InitInOutArray
                0x8000537a                InitNvramStringArray
                0x80005c24                Abs
                0x80005dca                SDivide
                0x80003f20                ReadIntegerArray
                0x80001ee0                CompareStrings
                0x8000729e                LowerChar
                0x80007576                InitUdpSocket
                0x80005fe4                ClearBuffer
                0x80006432                Upper
                0x80005416                InitStructArray
                0x80006508                MakeLower
                0x800065e8                IsVolume
                0x80003972                RemoveByLength
                0x80005666                CheckStringOutputArrayIndex
                0x80006812                WriteLongIntegerArray
                0x8000709a                InitRampInfoStructArray
                0x800058ac                HighWord
                0x800021a8                ResizeString
                0x8000658e                IsDirectory
                0x80004140                ReadLongIntegerArray
                0x8000589e                Low
                0x8000334c                Gather
                0x80006536                MakeUpper
                0x80004f9c                InitStringStruct
                0x80006f86                CheckStringArrayBounds
                0x80005ccc                CheckDenominator
                0x800071a2                hextoi
                0x800048c4                WriteStringArray
                0x8000578e                SetByte
                0x80007044                InitializeRampInfo
                0x800073e0                UnLockInputSema
                0x80006708                WriteSignedLongInteger
                0x8000508e                InitNvramStringStruct
 *fill*         0x80007606        0xa
                0x80007610                .=ALIGN(0x10)
 *(.eh_frame)
                0x80007610                .=ALIGN(0x10)
 *(.gnu.linkonce.t.*)
                0x80007610                .=ALIGN(0x4)
                0x80007610                __CTOR_LIST__=.
                0x80007610                ___CTOR_LIST__=.
                0x80007610        0x4 LONG 0x0 (((__CTOR_END__-__CTOR_LIST__)/0x4)-0x2)
 *(.ctors)
                0x80007614        0x4 LONG 0x0
                0x80007618                __CTOR_END__=.
                0x80007618                __DTOR_LIST__=.
                0x80007618                ___DTOR_LIST__=.
                0x80007618        0x4 LONG 0x0 (((__DTOR_END__-__DTOR_LIST__)/0x4)-0x2)
 *(.dtors)
                0x8000761c        0x4 LONG 0x0
                0x80007620                __DTOR_END__=.
 *(.rodata)
 .rodata        0x80007620      0x237 S2_Extron_Switching_Input.o
 .rodata        0x80007857      0x2bd S2_Extron_Switching_IO.o
 .rodata        0x80007b14      0x2d8 S2_Extron_Gain_Volume.o
 .rodata        0x80007dec      0x2f2 S2_Extron_Mute.o
 .rodata        0x800080de      0x35a S2_Panasonic_Viera_Volume.o
 .rodata        0x80008438      0xc54 library.o
 *(.gcc_except_table)
                0x8000908c                .=ALIGN(0x2)
                0x8000908c                __INIT_SECTION__=.
                0x8000908c        0x4 LONG 0x4e560000
 *(.init)
                0x80009090        0x2 SHORT 0x4e5e
                0x80009092        0x2 SHORT 0x4e75
                0x80009094                __FINI_SECTION__=.
                0x80009094        0x4 LONG 0x4e560000
 *(.fini)
                0x80009098        0x2 SHORT 0x4e5e
                0x8000909a        0x2 SHORT 0x4e75
 *(.lit)
 *fill*         0x8000909c        0x4
                0x800090a0                .=ALIGN(0x10)
                0x800090a0                _etext=.
                0x800090a0                etext=.

.data           0x800090a0        0x0
                0x800090a0                copy_start=.
 *(.shdata)
 *(.data)
 *(.gnu.linkonce.d.*)
                0x800090a0                .=ALIGN(0x10)
                0x800090a0                _edata=.
                0x800090a0                copy_end=.

.got
 *(.got.plt)
 *(.got)

EntryList       0x800090a0      0x550
 *(EntryList)
 EntryList      0x800090a0      0x110 S2_Extron_Switching_Input.o
                0x800090a0                S2_Extron_Switching_Input_Entry
 EntryList      0x800091b0      0x110 S2_Extron_Switching_IO.o
                0x800091b0                S2_Extron_Switching_IO_Entry
 EntryList      0x800092c0      0x110 S2_Extron_Gain_Volume.o
                0x800092c0                S2_Extron_Gain_Volume_Entry
 EntryList      0x800093d0      0x110 S2_Extron_Mute.o
                0x800093d0                S2_Extron_Mute_Entry
 EntryList      0x800094e0      0x110 S2_Panasonic_Viera_Volume.o
                0x800094e0                S2_Panasonic_Viera_Volume_Entry
                0x800095f0                .=ALIGN(0x4)

FunctionList    0x800095f0        0x4
 *(FunctionList)
 FunctionList   0x800095f0        0x4 globals.o
                0x800095f0                g_pFunctions
                0x800095f4                .=ALIGN(0x4)

.bss            0x800095f4        0x0
                0x800095f4                .=ALIGN(0x4)
                0x800095f4                __bss_start=.
 *(.shbss)
 *(.bss)
 *(COMMON)
                0x800095f8                _end=ALIGN(0x8)
                0x800095f8                __end=_end

.stab
 *(.stab)

.stabstr
 *(.stabstr)

.debug
 *(.debug)

.line
 *(.line)

.debug_srcinfo
 *(.debug_srcinfo)

.debug_sfnames
 *(.debug_sfnames)

.debug_aranges
 *(.debug_aranges)

.debug_pubnames
 *(.debug_pubnames)

.debug_info
 *(.debug_info)

.debug_abbrev
 *(.debug_abbrev)

.debug_line
 *(.debug_line)

.debug_frame
 *(.debug_frame)

.debug_str
 *(.debug_str)

.debug_loc
 *(.debug_loc)

.debug_macinfo
 *(.debug_macinfo)

.debug_weaknames
 *(.debug_weaknames)

.debug_funcnames
 *(.debug_funcnames)

.debug_typenames
 *(.debug_typenames)

.debug_varnames
 *(.debug_varnames)
LOAD S2_Extron_Switching_Input.o
LOAD S2_Extron_Switching_IO.o
LOAD S2_Extron_Gain_Volume.o
LOAD S2_Extron_Mute.o
LOAD S2_Panasonic_Viera_Volume.o
LOAD globals.o
LOAD library.o
OUTPUT(_S2_GameSystemSIMPLProject.spl elf32-m68k)

.comment        0x800095f4      0x10a
 .comment       0x800095f4       0x26 S2_Extron_Switching_Input.o
 .comment       0x8000961a       0x26 S2_Extron_Switching_IO.o
 .comment       0x80009640       0x26 S2_Extron_Gain_Volume.o
 .comment       0x80009666       0x26 S2_Extron_Mute.o
 .comment       0x8000968c       0x26 S2_Panasonic_Viera_Volume.o
 .comment       0x800096b2       0x26 globals.o
 .comment       0x800096d8       0x26 library.o
