
Memory Configuration

Name             Origin             Length             Attributes
ram              0x80000000         0x00200000         xrw
*default*        0x00000000         0xffffffff

Linker script and memory map

                0x00000000                __DYNAMIC=0x0
                0x00400000                PROVIDE (__stack, 0x400000)
                0x00000000                PROVIDE (hardware_init_hook, 0x0)
                0x00000000                PROVIDE (_hardware_init_hook, 0x0)
                0x00000000                PROVIDE (software_init_hook, 0x0)
                0x00000000                PROVIDE (_software_init_hook, 0x0)

.text           0x80000000     0x59b0
 *(.text)
 .text          0x80000000      0x19e S2_Extron_Switching_Input.o
                0x80000000                S2_Extron_Switching_Input_main
                0x800000fc                S2_Extron_Switching_InputEventHandler00000
                0x8000005a                S2_Extron_Switching_Input_EventHandler
 *fill*         0x8000019e        0x2
 .text          0x800001a0      0x888 S2_Extron_Switching_IO.o
                0x80000800                S2_Extron_Switching_IOEventHandler00002
                0x800006a8                S2_Extron_Switching_IO_EventHandler
                0x80000424                S2_Extron_Switching_IOEventHandler00001
                0x80000776                S2_Extron_Switching_IO_main
                0x800001a0                S2_Extron_Switching_IOEventHandler00000
                0x800008f6                S2_Extron_Switching_IOEventHandler00003
 .text          0x80000a28      0x88e S2_Extron_Gain_Volume.o
                0x80001204                S2_Extron_Gain_Volume_main
                0x80001244                S2_Extron_Gain_VolumeEventHandler00000
                0x80001286                S2_Extron_Gain_VolumeEventHandler00003
                0x80000a28                S2_Extron_Gain_VolumeEventHandler00001
                0x80001130                S2_Extron_Gain_Volume_EventHandler
                0x80000dac                S2_Extron_Gain_VolumeEventHandler00002
 *fill*         0x800012b6        0x2
 .text          0x800012b8      0x60e S2_Extron_Mute.o
                0x800017f6                S2_Extron_Mute_main
                0x80001744                S2_Extron_Mute_EventHandler
                0x800012b8                S2_Extron_MuteEventHandler00001
                0x8000187a                S2_Extron_MuteEventHandler00002
                0x80001836                S2_Extron_MuteEventHandler00000
 *fill*         0x800018c6        0x2
 .text          0x800018c8     0x305a library.o
                0x80003910                RotateRightLong
                0x80003e10                IsSystem
                0x80003888                Seed
                0x80001e7e                Remove
                0x80003540                Ltoa
                0x80003320                Atoi
                0x80003bfa                Right
                0x800037c2                Mod
                0x80003a0c                Getc
                0x80003704                SMuldiv
                0x80003df6                IsHidden
                0x800035fe                Min
                0x800047f8                hextosi
                0x80003f9a                WriteIntegerArray
                0x800044d8                GetSignedIntArrayElementPtr
                0x80003144                CheckStructArray
                0x8000480a                hextosl
                0x800040d6                WriteSignedIntegerArray
                0x80002f26                InitStringParamArray
                0x8000271a                ReadSignedLongIntegerArray
                0x80001b50                GatherToDelimiter
                0x80002e94                InitStringArray
                0x800035dc                Max
                0x80003e44                IsReadOnly
                0x800036d4                SMax
                0x80001d32                GatherByLength
                0x80003498                Chr
                0x80003f72                ReadSignedLongInteger
                0x800034fc                Itohex
                0x800030e2                GetStructArrayElement
                0x80003bce                ReverseFindi
                0x800029da                ReadStringArray
                0x80004354                GetIntArrayElementPtr
                0x80003ad8                Lower
                0x800038a2                RotateLeft
                0x80002c3c                CheckInputArray
                0x80003442                Atosl
                0x800032f8                High
                0x8000385c                Rnd
                0x8000378a                UMod
                0x800038ec                RotateLeftLong
                0x800048ea                FindNumericChar
                0x800036ec                SMin
                0x80003a64                Left
                0x80003f26                ReadSignedInteger
                0x80003316                LowWord
                0x800031ee                Bit
                0x80003ed2                ReadLongInteger
                0x80003284                Byte
                0x80004416                GetLongArrayElementPtr
                0x80003ba0                ReverseFind
                0x80003ac4                Len
                0x80003620                Divide
                0x800033e0                Atol
                0x8000465c                CheckIOArrayBounds
                0x80002c90                CheckStringInputArray
                0x80004174                WriteSignedLongIntegerArray
                0x80003060                GetStringArrayElement
                0x80003580                Ltohex
                0x800034b8                Itoa
                0x800038c6                RotateRight
                0x800020f6                InternalReverseFind
                0x80003eae                WriteLongInteger
                0x80002d98                SetStringArray
                0x8000257e                ReadSignedIntegerArray
                0x80003dbc                InitIntArray
                0x80002ce4                SetOutputArray
                0x80003e5a                WriteInteger
                0x80003c5c                SetString
                0x800037fa                Random
                0x80003efa                WriteSignedInteger
                0x8000393e                Find
                0x80003b34                Mid
                0x8000459a                GetSignedLongArrayElementPtr
                0x8000481a                hextol
                0x8000427a                ReadString
                0x800048c8                UpperChar
                0x80003388                Atosi
                0x80003e86                ReadInteger
                0x8000368c                Muldiv
                0x80002d4e                SetStringOutputArray
                0x80004212                WriteString
                0x80002c0a                InitInOutArray
                0x80002fa8                InitNvramStringArray
                0x800035c0                Abs
                0x8000374c                SDivide
                0x80002246                ReadIntegerArray
                0x800018c8                CompareStrings
                0x800048a6                LowerChar
                0x80003932                ClearBuffer
                0x80003d10                Upper
                0x80003040                InitStructArray
                0x80003d6c                MakeLower
                0x80003e2a                IsVolume
                0x80001fc8                RemoveByLength
                0x8000318c                CheckStringOutputArrayIndex
                0x80004038                WriteLongIntegerArray
                0x80004710                InitRampInfoStructArray
                0x8000330c                HighWord
                0x80003ddc                IsDirectory
                0x800023e2                ReadLongIntegerArray
                0x80003302                Low
                0x80001984                Gather
                0x80003d94                MakeUpper
                0x80002e16                InitStringStruct
                0x8000365e                CheckDenominator
                0x800047e2                hextoi
                0x800028b6                WriteStringArray
                0x800046be                InitializeRampInfo
                0x80003f4e                WriteSignedLongInteger
                0x80002e50                InitNvramStringStruct
 *fill*         0x80004922        0xe
                0x80004930                .=ALIGN(0x10)
 *(.eh_frame)
                0x80004930                .=ALIGN(0x10)
 *(.gnu.linkonce.t.*)
                0x80004930                .=ALIGN(0x4)
                0x80004930                __CTOR_LIST__=.
                0x80004930                ___CTOR_LIST__=.
                0x80004930        0x4 LONG 0x0 (((__CTOR_END__-__CTOR_LIST__)/0x4)-0x2)
 *(.ctors)
                0x80004934        0x4 LONG 0x0
                0x80004938                __CTOR_END__=.
                0x80004938                __DTOR_LIST__=.
                0x80004938                ___DTOR_LIST__=.
                0x80004938        0x4 LONG 0x0 (((__DTOR_END__-__DTOR_LIST__)/0x4)-0x2)
 *(.dtors)
                0x8000493c        0x4 LONG 0x0
                0x80004940                __DTOR_END__=.
 *(.rodata)
 .rodata        0x80004940      0x21a S2_Extron_Switching_Input.o
 .rodata        0x80004b5a      0x2a0 S2_Extron_Switching_IO.o
 .rodata        0x80004dfa      0x2bb S2_Extron_Gain_Volume.o
 .rodata        0x800050b5      0x2d5 S2_Extron_Mute.o
 .rodata        0x8000538a      0x611 library.o
 *(.gcc_except_table)
 *fill*         0x8000599b        0x1
                0x8000599c                .=ALIGN(0x2)
                0x8000599c                __INIT_SECTION__=.
                0x8000599c        0x4 LONG 0x4e560000
 *(.init)
                0x800059a0        0x2 SHORT 0x4e5e
                0x800059a2        0x2 SHORT 0x4e75
                0x800059a4                __FINI_SECTION__=.
                0x800059a4        0x4 LONG 0x4e560000
 *(.fini)
                0x800059a8        0x2 SHORT 0x4e5e
                0x800059aa        0x2 SHORT 0x4e75
 *(.lit)
 *fill*         0x800059ac        0x4
                0x800059b0                .=ALIGN(0x10)
                0x800059b0                _etext=.
                0x800059b0                etext=.

.data           0x800059b0        0x0
                0x800059b0                copy_start=.
 *(.shdata)
 *(.data)
 *(.gnu.linkonce.d.*)
                0x800059b0                .=ALIGN(0x10)
                0x800059b0                _edata=.
                0x800059b0                copy_end=.

.got
 *(.got.plt)
 *(.got)

EntryList       0x800059b0      0x440
 *(EntryList)
 EntryList      0x800059b0      0x110 S2_Extron_Switching_Input.o
                0x800059b0                S2_Extron_Switching_Input_Entry
 EntryList      0x80005ac0      0x110 S2_Extron_Switching_IO.o
                0x80005ac0                S2_Extron_Switching_IO_Entry
 EntryList      0x80005bd0      0x110 S2_Extron_Gain_Volume.o
                0x80005bd0                S2_Extron_Gain_Volume_Entry
 EntryList      0x80005ce0      0x110 S2_Extron_Mute.o
                0x80005ce0                S2_Extron_Mute_Entry
                0x80005df0                .=ALIGN(0x4)

FunctionList    0x80005df0        0x4
 *(FunctionList)
 FunctionList   0x80005df0        0x4 globals.o
                0x80005df0                g_pFunctions
                0x80005df4                .=ALIGN(0x4)

.bss            0x80005df4        0x0
                0x80005df4                .=ALIGN(0x4)
                0x80005df4                __bss_start=.
 *(.shbss)
 *(.bss)
 *(COMMON)
                0x80005df8                _end=ALIGN(0x8)
                0x80005df8                __end=_end

.stab
 *(.stab)

.stabstr
 *(.stabstr)

.debug
 *(.debug)

.line
 *(.line)

.debug_srcinfo
 *(.debug_srcinfo)

.debug_sfnames
 *(.debug_sfnames)

.debug_aranges
 *(.debug_aranges)

.debug_pubnames
 *(.debug_pubnames)

.debug_info
 *(.debug_info)

.debug_abbrev
 *(.debug_abbrev)

.debug_line
 *(.debug_line)

.debug_frame
 *(.debug_frame)

.debug_str
 *(.debug_str)

.debug_loc
 *(.debug_loc)

.debug_macinfo
 *(.debug_macinfo)

.debug_weaknames
 *(.debug_weaknames)

.debug_funcnames
 *(.debug_funcnames)

.debug_typenames
 *(.debug_typenames)

.debug_varnames
 *(.debug_varnames)
LOAD S2_Extron_Switching_Input.o
LOAD S2_Extron_Switching_IO.o
LOAD S2_Extron_Gain_Volume.o
LOAD S2_Extron_Mute.o
LOAD globals.o
LOAD library.o
OUTPUT(_S2_GameSystemSIMPLProject.spl elf32-m68k)

.comment        0x80005df4       0xe4
 .comment       0x80005df4       0x26 S2_Extron_Switching_Input.o
 .comment       0x80005e1a       0x26 S2_Extron_Switching_IO.o
 .comment       0x80005e40       0x26 S2_Extron_Gain_Volume.o
 .comment       0x80005e66       0x26 S2_Extron_Mute.o
 .comment       0x80005e8c       0x26 globals.o
 .comment       0x80005eb2       0x26 library.o
