
Memory Configuration

Name             Origin             Length             Attributes
ram              0x80000000         0x00500000         xrw
*default*        0x00000000         0xffffffff

Linker script and memory map

                0x00000000                __DYNAMIC=0x0
                0x00400000                PROVIDE (__stack, 0x400000)
                0x00000000                PROVIDE (hardware_init_hook, 0x0)
                0x00000000                PROVIDE (_hardware_init_hook, 0x0)
                0x00000000                PROVIDE (software_init_hook, 0x0)
                0x00000000                PROVIDE (_software_init_hook, 0x0)

.text           0x80000000     0x8fd0
 *(.text)
 .text          0x80000000      0x610 S2_Extron_Switching_IO_Revised.o
                0x800005a6                S2_Extron_Switching_IO_Revised_main
                0x800004e8                S2_Extron_Switching_IO_Revised_EventHandler
                0x80000000                S2_Extron_Switching_IO_RevisedEventHandler00000
                0x80000258                S2_Extron_Switching_IO_RevisedEventHandler00001
 .text          0x80000610      0x3cc S2_Processor_Selector.o
                0x800008c2                S2_Processor_Selector_main
                0x80000908                S2_Processor_SelectorEventHandler00001
                0x80000610                S2_Processor_SelectorEventHandler00000
                0x800007f8                S2_Processor_Selector_EventHandler
 .text          0x800009dc      0x8d4 S2_Extron_Gain_Volume.o
                0x800011ea                S2_Extron_Gain_Volume_main
                0x80001230                S2_Extron_Gain_VolumeEventHandler00000
                0x80001278                S2_Extron_Gain_VolumeEventHandler00003
                0x800009dc                S2_Extron_Gain_VolumeEventHandler00001
                0x800010e8                S2_Extron_Gain_Volume_EventHandler
                0x80000d62                S2_Extron_Gain_VolumeEventHandler00002
 .text          0x800012b0      0x64c S2_Extron_Mute.o
                0x8000181a                S2_Extron_Mute_main
                0x8000173e                S2_Extron_Mute_EventHandler
                0x800012b0                S2_Extron_MuteEventHandler00001
                0x800018aa                S2_Extron_MuteEventHandler00002
                0x80001860                S2_Extron_MuteEventHandler00000
 .text          0x800018fc      0x41c S2_Panasonic_Viera_Volume.o
                0x80001cbc                S2_Panasonic_Viera_Volume_main
                0x80001c1c                S2_Panasonic_Viera_Volume_EventHandler
                0x800018fc                S2_Panasonic_Viera_VolumeEventHandler00000
 .text          0x80001d18     0x5836 library.o
                0x80005f04                RotateRightLong
                0x80006512                IsSystem
                0x80005e68                Seed
                0x80003760                Remove
                0x80005ae4                Ltoa
                0x80005810                Atoi
                0x80004b78                InitRampInfoArray
                0x800062be                Right
                0x800072ee                LockInputSema
                0x80005d92                Mod
                0x80005f7a                Getc
                0x80005cc6                SMuldiv
                0x800064f4                IsHidden
                0x80005baa                Min
                0x80007102                hextosi
                0x80006698                WriteIntegerArray
                0x80006c0e                GetSignedIntArrayElementPtr
                0x80005532                CheckStructArray
                0x80007116                hextosl
                0x8000681e                WriteSignedIntegerArray
                0x800051fa                InitStringParamArray
                0x800044cc                ReadSignedLongIntegerArray
                0x800033ee                GatherToDelimiter
                0x8000501e                InitStringArray
                0x80005b84                Max
                0x8000654e                IsReadOnly
                0x80005c8e                SMax
                0x80003592                GatherByLength
                0x80005a1e                Chr
                0x80006670                ReadSignedLongInteger
                0x80005a9c                Itohex
                0x800054a4                GetStructArrayElement
                0x80005798                UNS_SetByte
                0x80006292                ReverseFindi
                0x80004974                ReadStringArray
                0x80006a1e                GetIntArrayElementPtr
                0x800060ce                Lower
                0x80005e84                RotateLeft
                0x80007236                ResizeIfAutogrow
                0x80004ca4                CheckInputArray
                0x80002286                ResizeStringArray
                0x800059b0                Atosl
                0x800057d8                High
                0x80005e34                Rnd
                0x80005d56                UMod
                0x80005eda                RotateLeftLong
                0x80007362                FindNumericChar
                0x80006e66                CheckIOArrayBounds2
                0x800064ac                MakeProgramFilename
                0x80005caa                SMin
                0x80006002                Left
                0x80005f44                CheckBufferThreshold
                0x80006628                ReadSignedInteger
                0x80005802                LowWord
                0x80001d18                Bit
                0x800065d8                ReadLongInteger
                0x80005616                Byte
                0x80006b16                GetLongArrayElementPtr
                0x80006264                ReverseFind
                0x800064c2                GetSeries
                0x8000742e                InitTcpServer
                0x800060b6                Len
                0x80006f36                InitializeRampInfoInternal
                0x80005bd0                Divide
                0x8000591c                Atol
                0x800064b8                GetModelNumber
                0x80006dfe                CheckIOArrayBounds
                0x80004cfe                CheckStringInputArray
                0x800068e0                WriteSignedLongIntegerArray
                0x800053ee                GetStringArrayElement
                0x80005b28                Ltohex
                0x80005a54                Itoa
                0x80005eae                RotateRight
                0x80003a4e                InternalReverseFind
                0x800065b8                WriteLongInteger
                0x80004f22                InitDynamicStringStruct
                0x80004e14                SetStringArray
                0x800042aa                ReadSignedIntegerArray
                0x80004d58                SetOutputArray
                0x80006568                WriteInteger
                0x80005382                InitStructDynamicArray
                0x80003cd8                SetString
                0x80005dce                Random
                0x80006600                WriteSignedInteger
                0x80001f7c                Find
                0x800064cc                GetProgramNumber
                0x800061a2                Mid
                0x800073a0                InitTcpClient
                0x80002e6a                ResizeStructArray
                0x80006d06                GetSignedLongArrayElementPtr
                0x80007128                hextol
                0x800046ee                ReadString
                0x800050b4                InitDynamicStringArray
                0x8000720e                UpperChar
                0x800058ac                Atosi
                0x80006590                ReadInteger
                0x80005c42                Muldiv
                0x80004dc6                SetStringOutputArray
                0x800069a4                WriteString
                0x800028de                ResizeIntegerArray
                0x80004c6c                InitInOutArray
                0x800052c2                InitNvramStringArray
                0x80005b6c                Abs
                0x80005d12                SDivide
                0x80003e68                ReadIntegerArray
                0x80001e28                CompareStrings
                0x800071e6                LowerChar
                0x800074be                InitUdpSocket
                0x80005f2c                ClearBuffer
                0x8000637a                Upper
                0x8000535e                InitStructArray
                0x80006450                MakeLower
                0x80006530                IsVolume
                0x800038ba                RemoveByLength
                0x800055ae                CheckStringOutputArrayIndex
                0x8000675a                WriteLongIntegerArray
                0x80006fe2                InitRampInfoStructArray
                0x800057f4                HighWord
                0x800020f0                ResizeString
                0x800064d6                IsDirectory
                0x80004088                ReadLongIntegerArray
                0x800057e6                Low
                0x80003294                Gather
                0x8000647e                MakeUpper
                0x80004ee4                InitStringStruct
                0x80006ece                CheckStringArrayBounds
                0x80005c14                CheckDenominator
                0x800070ea                hextoi
                0x8000480c                WriteStringArray
                0x800056d6                SetByte
                0x80006f8c                InitializeRampInfo
                0x80007328                UnLockInputSema
                0x80006650                WriteSignedLongInteger
                0x80004fd6                InitNvramStringStruct
 *fill*         0x8000754e        0x2
                0x80007550                .=ALIGN(0x10)
 *(.eh_frame)
                0x80007550                .=ALIGN(0x10)
 *(.gnu.linkonce.t.*)
                0x80007550                .=ALIGN(0x4)
                0x80007550                __CTOR_LIST__=.
                0x80007550                ___CTOR_LIST__=.
                0x80007550        0x4 LONG 0x0 (((__CTOR_END__-__CTOR_LIST__)/0x4)-0x2)
 *(.ctors)
                0x80007554        0x4 LONG 0x0
                0x80007558                __CTOR_END__=.
                0x80007558                __DTOR_LIST__=.
                0x80007558                ___DTOR_LIST__=.
                0x80007558        0x4 LONG 0x0 (((__DTOR_END__-__DTOR_LIST__)/0x4)-0x2)
 *(.dtors)
                0x8000755c        0x4 LONG 0x0
                0x80007560                __DTOR_END__=.
 *(.rodata)
 .rodata        0x80007560      0x2ab S2_Extron_Switching_IO_Revised.o
 .rodata        0x8000780b      0x22f S2_Processor_Selector.o
 .rodata        0x80007a3a      0x2d8 S2_Extron_Gain_Volume.o
 .rodata        0x80007d12      0x2f2 S2_Extron_Mute.o
 .rodata        0x80008004      0x35a S2_Panasonic_Viera_Volume.o
 .rodata        0x8000835e      0xc54 library.o
 *(.gcc_except_table)
                0x80008fb2                .=ALIGN(0x2)
                0x80008fb2                __INIT_SECTION__=.
                0x80008fb2        0x4 LONG 0x4e560000
 *(.init)
                0x80008fb6        0x2 SHORT 0x4e5e
                0x80008fb8        0x2 SHORT 0x4e75
                0x80008fba                __FINI_SECTION__=.
                0x80008fba        0x4 LONG 0x4e560000
 *(.fini)
                0x80008fbe        0x2 SHORT 0x4e5e
                0x80008fc0        0x2 SHORT 0x4e75
 *(.lit)
 *fill*         0x80008fc2        0xe
                0x80008fd0                .=ALIGN(0x10)
                0x80008fd0                _etext=.
                0x80008fd0                etext=.

.data           0x80008fd0        0x0
                0x80008fd0                copy_start=.
 *(.shdata)
 *(.data)
 *(.gnu.linkonce.d.*)
                0x80008fd0                .=ALIGN(0x10)
                0x80008fd0                _edata=.
                0x80008fd0                copy_end=.

.got
 *(.got.plt)
 *(.got)

EntryList       0x80008fd0      0x550
 *(EntryList)
 EntryList      0x80008fd0      0x110 S2_Extron_Switching_IO_Revised.o
                0x80008fd0                S2_Extron_Switching_IO_Revised_Entry
 EntryList      0x800090e0      0x110 S2_Processor_Selector.o
                0x800090e0                S2_Processor_Selector_Entry
 EntryList      0x800091f0      0x110 S2_Extron_Gain_Volume.o
                0x800091f0                S2_Extron_Gain_Volume_Entry
 EntryList      0x80009300      0x110 S2_Extron_Mute.o
                0x80009300                S2_Extron_Mute_Entry
 EntryList      0x80009410      0x110 S2_Panasonic_Viera_Volume.o
                0x80009410                S2_Panasonic_Viera_Volume_Entry
                0x80009520                .=ALIGN(0x4)

FunctionList    0x80009520        0x4
 *(FunctionList)
 FunctionList   0x80009520        0x4 globals.o
                0x80009520                g_pFunctions
                0x80009524                .=ALIGN(0x4)

.bss            0x80009524        0x0
                0x80009524                .=ALIGN(0x4)
                0x80009524                __bss_start=.
 *(.shbss)
 *(.bss)
 *(COMMON)
                0x80009528                _end=ALIGN(0x8)
                0x80009528                __end=_end

.stab
 *(.stab)

.stabstr
 *(.stabstr)

.debug
 *(.debug)

.line
 *(.line)

.debug_srcinfo
 *(.debug_srcinfo)

.debug_sfnames
 *(.debug_sfnames)

.debug_aranges
 *(.debug_aranges)

.debug_pubnames
 *(.debug_pubnames)

.debug_info
 *(.debug_info)

.debug_abbrev
 *(.debug_abbrev)

.debug_line
 *(.debug_line)

.debug_frame
 *(.debug_frame)

.debug_str
 *(.debug_str)

.debug_loc
 *(.debug_loc)

.debug_macinfo
 *(.debug_macinfo)

.debug_weaknames
 *(.debug_weaknames)

.debug_funcnames
 *(.debug_funcnames)

.debug_typenames
 *(.debug_typenames)

.debug_varnames
 *(.debug_varnames)
LOAD S2_Extron_Switching_IO_Revised.o
LOAD S2_Processor_Selector.o
LOAD S2_Extron_Gain_Volume.o
LOAD S2_Extron_Mute.o
LOAD S2_Panasonic_Viera_Volume.o
LOAD globals.o
LOAD library.o
OUTPUT(_S2_GameSystemSIMPLProject.spl elf32-m68k)

.comment        0x80009524      0x10a
 .comment       0x80009524       0x26 S2_Extron_Switching_IO_Revised.o
 .comment       0x8000954a       0x26 S2_Processor_Selector.o
 .comment       0x80009570       0x26 S2_Extron_Gain_Volume.o
 .comment       0x80009596       0x26 S2_Extron_Mute.o
 .comment       0x800095bc       0x26 S2_Panasonic_Viera_Volume.o
 .comment       0x800095e2       0x26 globals.o
 .comment       0x80009608       0x26 library.o
