
Memory Configuration

Name             Origin             Length             Attributes
ram              0x80000000         0x00500000         xrw
*default*        0x00000000         0xffffffff

Linker script and memory map

                0x00000000                __DYNAMIC=0x0
                0x00400000                PROVIDE (__stack, 0x400000)
                0x00000000                PROVIDE (hardware_init_hook, 0x0)
                0x00000000                PROVIDE (_hardware_init_hook, 0x0)
                0x00000000                PROVIDE (software_init_hook, 0x0)
                0x00000000                PROVIDE (_software_init_hook, 0x0)

.text           0x80000000     0x6da0
 *(.text)
 .text          0x80000000      0x63c S2_Extron_Switching_IO_Revised.o
                0x800005d2                S2_Extron_Switching_IO_Revised_main
                0x80000514                S2_Extron_Switching_IO_Revised_EventHandler
                0x80000000                S2_Extron_Switching_IO_RevisedEventHandler00000
                0x80000284                S2_Extron_Switching_IO_RevisedEventHandler00001
 .text          0x8000063c     0x5836 library.o
                0x80004828                RotateRightLong
                0x80004e36                IsSystem
                0x8000478c                Seed
                0x80002084                Remove
                0x80004408                Ltoa
                0x80004134                Atoi
                0x8000349c                InitRampInfoArray
                0x80004be2                Right
                0x80005c12                LockInputSema
                0x800046b6                Mod
                0x8000489e                Getc
                0x800045ea                SMuldiv
                0x80004e18                IsHidden
                0x800044ce                Min
                0x80005a26                hextosi
                0x80004fbc                WriteIntegerArray
                0x80005532                GetSignedIntArrayElementPtr
                0x80003e56                CheckStructArray
                0x80005a3a                hextosl
                0x80005142                WriteSignedIntegerArray
                0x80003b1e                InitStringParamArray
                0x80002df0                ReadSignedLongIntegerArray
                0x80001d12                GatherToDelimiter
                0x80003942                InitStringArray
                0x800044a8                Max
                0x80004e72                IsReadOnly
                0x800045b2                SMax
                0x80001eb6                GatherByLength
                0x80004342                Chr
                0x80004f94                ReadSignedLongInteger
                0x800043c0                Itohex
                0x80003dc8                GetStructArrayElement
                0x800040bc                UNS_SetByte
                0x80004bb6                ReverseFindi
                0x80003298                ReadStringArray
                0x80005342                GetIntArrayElementPtr
                0x800049f2                Lower
                0x800047a8                RotateLeft
                0x80005b5a                ResizeIfAutogrow
                0x800035c8                CheckInputArray
                0x80000baa                ResizeStringArray
                0x800042d4                Atosl
                0x800040fc                High
                0x80004758                Rnd
                0x8000467a                UMod
                0x800047fe                RotateLeftLong
                0x80005c86                FindNumericChar
                0x8000578a                CheckIOArrayBounds2
                0x80004dd0                MakeProgramFilename
                0x800045ce                SMin
                0x80004926                Left
                0x80004868                CheckBufferThreshold
                0x80004f4c                ReadSignedInteger
                0x80004126                LowWord
                0x8000063c                Bit
                0x80004efc                ReadLongInteger
                0x80003f3a                Byte
                0x8000543a                GetLongArrayElementPtr
                0x80004b88                ReverseFind
                0x80004de6                GetSeries
                0x80005d52                InitTcpServer
                0x800049da                Len
                0x8000585a                InitializeRampInfoInternal
                0x800044f4                Divide
                0x80004240                Atol
                0x80004ddc                GetModelNumber
                0x80005722                CheckIOArrayBounds
                0x80003622                CheckStringInputArray
                0x80005204                WriteSignedLongIntegerArray
                0x80003d12                GetStringArrayElement
                0x8000444c                Ltohex
                0x80004378                Itoa
                0x800047d2                RotateRight
                0x80002372                InternalReverseFind
                0x80004edc                WriteLongInteger
                0x80003846                InitDynamicStringStruct
                0x80003738                SetStringArray
                0x80002bce                ReadSignedIntegerArray
                0x8000367c                SetOutputArray
                0x80004e8c                WriteInteger
                0x80003ca6                InitStructDynamicArray
                0x800025fc                SetString
                0x800046f2                Random
                0x80004f24                WriteSignedInteger
                0x800008a0                Find
                0x80004df0                GetProgramNumber
                0x80004ac6                Mid
                0x80005cc4                InitTcpClient
                0x8000178e                ResizeStructArray
                0x8000562a                GetSignedLongArrayElementPtr
                0x80005a4c                hextol
                0x80003012                ReadString
                0x800039d8                InitDynamicStringArray
                0x80005b32                UpperChar
                0x800041d0                Atosi
                0x80004eb4                ReadInteger
                0x80004566                Muldiv
                0x800036ea                SetStringOutputArray
                0x800052c8                WriteString
                0x80001202                ResizeIntegerArray
                0x80003590                InitInOutArray
                0x80003be6                InitNvramStringArray
                0x80004490                Abs
                0x80004636                SDivide
                0x8000278c                ReadIntegerArray
                0x8000074c                CompareStrings
                0x80005b0a                LowerChar
                0x80005de2                InitUdpSocket
                0x80004850                ClearBuffer
                0x80004c9e                Upper
                0x80003c82                InitStructArray
                0x80004d74                MakeLower
                0x80004e54                IsVolume
                0x800021de                RemoveByLength
                0x80003ed2                CheckStringOutputArrayIndex
                0x8000507e                WriteLongIntegerArray
                0x80005906                InitRampInfoStructArray
                0x80004118                HighWord
                0x80000a14                ResizeString
                0x80004dfa                IsDirectory
                0x800029ac                ReadLongIntegerArray
                0x8000410a                Low
                0x80001bb8                Gather
                0x80004da2                MakeUpper
                0x80003808                InitStringStruct
                0x800057f2                CheckStringArrayBounds
                0x80004538                CheckDenominator
                0x80005a0e                hextoi
                0x80003130                WriteStringArray
                0x80003ffa                SetByte
                0x800058b0                InitializeRampInfo
                0x80005c4c                UnLockInputSema
                0x80004f74                WriteSignedLongInteger
                0x800038fa                InitNvramStringStruct
 *fill*         0x80005e72        0xe
                0x80005e80                .=ALIGN(0x10)
 *(.eh_frame)
                0x80005e80                .=ALIGN(0x10)
 *(.gnu.linkonce.t.*)
                0x80005e80                .=ALIGN(0x4)
                0x80005e80                __CTOR_LIST__=.
                0x80005e80                ___CTOR_LIST__=.
                0x80005e80        0x4 LONG 0x0 (((__CTOR_END__-__CTOR_LIST__)/0x4)-0x2)
 *(.ctors)
                0x80005e84        0x4 LONG 0x0
                0x80005e88                __CTOR_END__=.
                0x80005e88                __DTOR_LIST__=.
                0x80005e88                ___DTOR_LIST__=.
                0x80005e88        0x4 LONG 0x0 (((__DTOR_END__-__DTOR_LIST__)/0x4)-0x2)
 *(.dtors)
                0x80005e8c        0x4 LONG 0x0
                0x80005e90                __DTOR_END__=.
 *(.rodata)
 .rodata        0x80005e90      0x2ab S2_Extron_Switching_IO_Revised.o
 .rodata        0x8000613b      0xc54 library.o
 *(.gcc_except_table)
 *fill*         0x80006d8f        0x1
                0x80006d90                .=ALIGN(0x2)
                0x80006d90                __INIT_SECTION__=.
                0x80006d90        0x4 LONG 0x4e560000
 *(.init)
                0x80006d94        0x2 SHORT 0x4e5e
                0x80006d96        0x2 SHORT 0x4e75
                0x80006d98                __FINI_SECTION__=.
                0x80006d98        0x4 LONG 0x4e560000
 *(.fini)
                0x80006d9c        0x2 SHORT 0x4e5e
                0x80006d9e        0x2 SHORT 0x4e75
 *(.lit)
                0x80006da0                .=ALIGN(0x10)
                0x80006da0                _etext=.
                0x80006da0                etext=.

.data           0x80006da0        0x0
                0x80006da0                copy_start=.
 *(.shdata)
 *(.data)
 *(.gnu.linkonce.d.*)
                0x80006da0                .=ALIGN(0x10)
                0x80006da0                _edata=.
                0x80006da0                copy_end=.

.got
 *(.got.plt)
 *(.got)

EntryList       0x80006da0      0x110
 *(EntryList)
 EntryList      0x80006da0      0x110 S2_Extron_Switching_IO_Revised.o
                0x80006da0                S2_Extron_Switching_IO_Revised_Entry
                0x80006eb0                .=ALIGN(0x4)

FunctionList    0x80006eb0        0x4
 *(FunctionList)
 FunctionList   0x80006eb0        0x4 globals.o
                0x80006eb0                g_pFunctions
                0x80006eb4                .=ALIGN(0x4)

.bss            0x80006eb4        0x0
                0x80006eb4                .=ALIGN(0x4)
                0x80006eb4                __bss_start=.
 *(.shbss)
 *(.bss)
 *(COMMON)
                0x80006eb8                _end=ALIGN(0x8)
                0x80006eb8                __end=_end

.stab
 *(.stab)

.stabstr
 *(.stabstr)

.debug
 *(.debug)

.line
 *(.line)

.debug_srcinfo
 *(.debug_srcinfo)

.debug_sfnames
 *(.debug_sfnames)

.debug_aranges
 *(.debug_aranges)

.debug_pubnames
 *(.debug_pubnames)

.debug_info
 *(.debug_info)

.debug_abbrev
 *(.debug_abbrev)

.debug_line
 *(.debug_line)

.debug_frame
 *(.debug_frame)

.debug_str
 *(.debug_str)

.debug_loc
 *(.debug_loc)

.debug_macinfo
 *(.debug_macinfo)

.debug_weaknames
 *(.debug_weaknames)

.debug_funcnames
 *(.debug_funcnames)

.debug_typenames
 *(.debug_typenames)

.debug_varnames
 *(.debug_varnames)
LOAD S2_Extron_Switching_IO_Revised.o
LOAD globals.o
LOAD library.o
OUTPUT(S2_Extron_Switching_IO_Revised.elf elf32-m68k)

.comment        0x80006eb4       0x72
 .comment       0x80006eb4       0x26 S2_Extron_Switching_IO_Revised.o
 .comment       0x80006eda       0x26 globals.o
 .comment       0x80006f00       0x26 library.o
